
> montecarlo-build@0.1.0 build
> next build

  Ôû▓ Next.js 14.2.35

   Creating an optimized production build ...
 Ô£ô Compiled successfully
   Linting and checking validity of types ...
node.exe : 
In riga:1 car:1
+ & "C:\Program 
Files\nodejs/node.exe" "C:\Program 
Files\nodejs/node_mo ...
+ ~~~~~~~~~~~~~~~~~~~~~~~~~~~~~~~~~~~
~~~~~~~~~~~~~~~~~~~~~~~~~~~~~~~~~~
    + CategoryInfo          : NotSpe 
   cified: (:String) [], RemoteExce  
  ption
    + FullyQualifiedErrorId : Native 
   CommandError
 
Failed to compile.

./components/layout/Navbar.tsx
198:83  Error: Unexpected any. 
Specify a different type.  
@typescript-eslint/no-explicit-any
199:75  Error: Unexpected any. 
Specify a different type.  
@typescript-eslint/no-explicit-any
218:87  Error: Unexpected any. 
Specify a different type.  
@typescript-eslint/no-explicit-any
219:91  Error: Unexpected any. 
Specify a different type.  
@typescript-eslint/no-explicit-any
339:52  Error: 'j' is defined but 
never used.  
@typescript-eslint/no-unused-vars

info  - Need to disable some ESLint 
rules? Learn more here: https://nextj
s.org/docs/basic-features/eslint#disa
bling-rules
